// Jest Snapshot v1, https://goo.gl/fbAQLP

exports[`Navbar render without ´right´ prop 1`] = `
.c0 {
  display: -webkit-box;
  display: -webkit-flex;
  display: -ms-flexbox;
  display: flex;
  -webkit-align-items: center;
  -webkit-box-align: center;
  -ms-flex-align: center;
  align-items: center;
  -webkit-box-pack: justify;
  -webkit-justify-content: space-between;
  -ms-flex-pack: justify;
  justify-content: space-between;
  background-color: #EEE;
  padding: 0 2em;
}

.c4 {
  width: 80%;
  height: 80%;
}

.c3 {
  border: none;
  outline: none;
  display: none;
  border-radius: 5px;
  width: 2.5em;
  height: 2.5em;
  background-color: #DDD;
}

.c3:hover {
  background-color: #F02;
}

.c3:active {
  background-color: #CB4;
}

.c1 {
  width: 20%;
  height: 4em;
}

@media only screen and (max-width:768px) {
  .c3 {
    display: block;
  }
}

@media only screen and (max-width:768px) {
  .c2 {
    display: none;
  }
}

<div>
  <div
    class="c0"
  >
    <div
      class="c1"
      style="background-color: rgb(221, 221, 221);"
    />
    <div
      class="c2"
    />
    <button
      class="c3"
    >
      <div
        class="c4"
      />
    </button>
  </div>
</div>
`;
